{
  "message": "failed to parse parameter `start_version`: failed to parse \"string(U64)\": Parsing u64 string \"invalid\" failed, caused by error: invalid digit found in string",
  "error_code": "web_framework_error",
  "vm_error_code": null
}
