{
  "version": "2",
  "hash": "",
  "state_change_hash": "",
  "event_root_hash": "",
  "state_checkpoint_hash": null,
  "gas_used": "3",
  "success": false,
  "vm_status": "CODE_DESERIALIZATION_ERROR",
  "accumulator_root_hash": "",
  "changes": [
    {
      "state_key_hash": "",
      "handle": "0xdc3189011da6e60643ef48030b4f8fc315beddc236c6c523db96778af7b47056",
      "key": "0x540f000000000000",
      "value": "0x00000100013c00000000000000000000000000000000000000000000000000000000000000000000000a550c18e5a688742b47c5ad01010000000000000000000000000000000000000a00000000000000010000000000000000000000000100000000000000010000000000000001550053000000010001000000000000000000000000000000000000000000000000000000000a550c18e5a688742b47c5ad013c000000000000000000000000000000000000000000000000000a0000000000000001000000000000000000000000010000000000000001000000000000000166005500",
      "data": null,
      "type": "write_table_item"
    }
  ],
  "sender": "0xa550c18",
  "sequence_number": "18446744073709551615",
  "max_gas_amount": "100000000",
  "gas_unit_price": "0",
  "expiration_timestamp_secs": "60",
  "payload": {
    "code": {
      "bytecode": "0xa11ceb0b030000",
      "abi": null
    },
    "type_arguments": [],
    "arguments": [],
    "type": "script_payload"
  },
  "signature": {
    "public_key": "0x14418f867a0bd6d42abb2daa50cd68a5a869ce208282481f57504f630510d0d3",
    "signature": "0x29a463016ef1b754402049e4c83bfaba390acded7e680a795d2a2ecaf56501210f86a61e973160e9d083dfbb45e36a93ea77492267e7efae2b629fd55e44fd02",
    "type": "ed25519_signature"
  },
  "replay_protection_nonce": "12521492590937810661",
  "events": [
    {
      "guid": {
        "creation_number": "0",
        "account_address": "0x0"
      },
      "sequence_number": "0",
      "type": "0x1::transaction_fee::FeeStatement",
      "data": {
        "execution_gas_units": "3",
        "io_gas_units": "0",
        "storage_fee_octas": "0",
        "storage_fee_refund_octas": "0",
        "total_charge_gas_units": "3"
      }
    }
  ],
  "timestamp": "500000",
  "type": "user_transaction"
}
