{
  "message": "parse request payload error: failed to parse \"string(U64)\": Parsing u64 string \"invalid\" failed, caused by error: invalid digit found in string (occurred while parsing \"UserTransactionRequestInner\") (occurred while parsing \"EncodeSubmissionRequest\")",
  "error_code": "web_framework_error",
  "vm_error_code": null
}
