{
  "type": "0x1::account::Account",
  "data": {
    "authentication_key": "0xcef8ffd1ab9017e96132df8a56b22de39a8155e1c3fc32affbbf93eb624b532a",
    "coin_register_events": {
      "counter": "0",
      "guid": {
        "id": {
          "addr": "0xa550c18",
          "creation_num": "0"
        }
      }
    },
    "guid_creation_num": "2",
    "key_rotation_events": {
      "counter": "0",
      "guid": {
        "id": {
          "addr": "0xa550c18",
          "creation_num": "1"
        }
      }
    },
    "rotation_capability_offer": {
      "for": {
        "vec": []
      }
    },
    "sequence_number": "0",
    "signer_capability_offer": {
      "for": {
        "vec": []
      }
    }
  }
}
