{
  "message": "parse request payload error: failed to parse \"string(Address)\": Invalid account address: Hex characters are invalid: Invalid character 'i' at position 57 (occurred while parsing \"UserTransactionRequestInner\") (occurred while parsing \"EncodeSubmissionRequest\")",
  "error_code": "web_framework_error",
  "vm_error_code": null
}
