{
  "hash": "",
  "sender": "0xa550c18",
  "sequence_number": "0",
  "max_gas_amount": "100000000",
  "gas_unit_price": "0",
  "expiration_timestamp_secs": "59",
  "payload": {
    "function": "0x1::aptos_account::create_account",
    "type_arguments": [],
    "arguments": [
      "0x34bf7e2d17674feb234371a7ea58efd715f0e56ba20ebf13789480d9d643afaf"
    ],
    "type": "entry_function_payload"
  },
  "signature": {
    "public_key": "0x14418f867a0bd6d42abb2daa50cd68a5a869ce208282481f57504f630510d0d3",
    "signature": "0x6345f2757047aa9a5b8e870d300deccb6ec827811666cbabaac728d798fe4564f89143c28c7a76d945ed65bb2ac91474a0939dd51d81d37df78d1388c9b65f0a",
    "type": "ed25519_signature"
  },
  "replay_protection_nonce": null
}
