{
  "public_key": {
    "value": "0x049b8327d929a0e45285c04d19c9fffbee065c266b701972922d807228120e43f34ad68ac77f6ec0205fe39f7c5b6055dad973a03464a3a743302de0feaf6ec6d9",
    "type": "secp256k1_ecdsa"
  },
  "signature": {
    "value": "0x817076eee5a29656b1b20acd382f0d5792fc9b1002f8ae86dc3751c41c5c2ad903fda0c05a885bc45ef62003207148fdc90a1973896456a0c6557ea25525da91",
    "type": "secp256k1_ecdsa"
  },
  "type": "single_sender"
}
