{
  "public_key": "0x14418f867a0bd6d42abb2daa50cd68a5a869ce208282481f57504f630510d0d3",
  "signature": "0xc992ceaebe5d65f34f3e8dcbdae3f303e98b25d922f076fdddd3942b1b5972eccb1714c38a5c124ac055dfd656a3d6056885cd82d5454514eb136271fcc26b04",
  "type": "ed25519_signature"
}
