{
  "public_key": "0x14418f867a0bd6d42abb2daa50cd68a5a869ce208282481f57504f630510d0d3",
  "signature": "0xefaf3aedae6b756deffb2c11cf166afa1bcbb39275d5e942a785505152db9c5725b55c7d8772bc8d5b6c99d5437cadcbe2943a7eaed1f730ecb46c8cc1f7710e",
  "type": "ed25519_signature"
}
