[
  {
    "version": "1",
    "hash": "",
    "state_change_hash": "",
    "event_root_hash": "",
    "state_checkpoint_hash": null,
    "gas_used": "0",
    "success": true,
    "vm_status": "Executed successfully",
    "accumulator_root_hash": "",
    "changes": [
      {
        "address": "0x1",
        "state_key_hash": "",
        "data": {
          "type": "0x1::block::BlockResource",
          "data": {
            "epoch_interval": "86400000000",
            "height": "1",
            "new_block_events": {
              "counter": "2",
              "guid": {
                "id": {
                  "addr": "0x1",
                  "creation_num": "3"
                }
              }
            },
            "update_epoch_interval_events": {
              "counter": "0",
              "guid": {
                "id": {
                  "addr": "0x1",
                  "creation_num": "4"
                }
              }
            }
          }
        },
        "type": "write_resource"
      },
      {
        "address": "0x1",
        "state_key_hash": "",
        "data": {
          "type": "0x1::block::CommitHistory",
          "data": {
            "max_capacity": 2000,
            "next_idx": 2,
            "table": {
              "inner": {
                "handle": "0x38ff67f17cf7998cd41ed5267b52cff7af37d06a22e8b390ce44b69680fc0e97"
              },
              "length": "2"
            }
          }
        },
        "type": "write_resource"
      },
      {
        "address": "0x1",
        "state_key_hash": "",
        "data": {
          "type": "0x1::stake::ValidatorPerformance",
          "data": {
            "validators": [
              {
                "failed_proposals": "0",
                "successful_proposals": "1"
              }
            ]
          }
        },
        "type": "write_resource"
      },
      {
        "address": "0x1",
        "state_key_hash": "",
        "data": {
          "type": "0x1::timestamp::CurrentTimeMicroseconds",
          "data": {
            "microseconds": "500000"
          }
        },
        "type": "write_resource"
      },
      {
        "address": "0x1",
        "state_key_hash": "",
        "data": {
          "type": "0x1::randomness::PerBlockRandomness",
          "data": {
            "epoch": "1",
            "round": "1",
            "seed": {
              "vec": []
            }
          }
        },
        "type": "write_resource"
      },
      {
        "address": "0x1",
        "state_key_hash": "",
        "data": {
          "type": "0x1::state_storage::StateStorageUsage",
          "data": "state storage omitted"
        },
        "type": "write_resource"
      },
      {
        "state_key_hash": "",
        "handle": "0x38ff67f17cf7998cd41ed5267b52cff7af37d06a22e8b390ce44b69680fc0e97",
        "key": "0x01000000",
        "value": "0x16838657edfae09cb9a71eb219025c4c87a67c4aaa86f20ac0aa792bc121ee42010000000000000001000000000000000100000000000000010066b22b7465af92a9dc8d07d2878716d9dffbbb280830a7d8cf80334b5da812ef0020a1070000000000",
        "data": {
          "data": null
        },
        "type": "write_table_item"
      }
    ],
    "id": "0x16838657edfae09cb9a71eb219025c4c87a67c4aaa86f20ac0aa792bc121ee42",
    "epoch": "1",
    "round": "1",
    "events": [
      {
        "guid": {
          "creation_number": "3",
          "account_address": "0x1"
        },
        "sequence_number": "1",
        "type": "0x1::block::NewBlockEvent",
        "data": {
          "epoch": "1",
          "failed_proposer_indices": [],
          "hash": "",
          "height": "1",
          "previous_block_votes_bitvec": "0x00",
          "proposer": "0x66b22b7465af92a9dc8d07d2878716d9dffbbb280830a7d8cf80334b5da812ef",
          "round": "1",
          "time_microseconds": "500000"
        }
      }
    ],
    "previous_block_votes_bitvec": [
      0
    ],
    "proposer": "0x66b22b7465af92a9dc8d07d2878716d9dffbbb280830a7d8cf80334b5da812ef",
    "failed_proposer_indices": [],
    "timestamp": "500000",
    "type": "block_metadata_transaction"
  },
  {
    "version": "2",
    "hash": "",
    "state_change_hash": "",
    "event_root_hash": "",
    "state_checkpoint_hash": null,
    "gas_used": "8",
    "success": true,
    "vm_status": "Executed successfully",
    "accumulator_root_hash": "",
    "changes": [
      {
        "address": "0xa5a7c7e10f3329999eb018de4dd05d03829f79585327b3df63121a8526acef61",
        "state_key_hash": "",
        "data": {
          "type": "0x1::fungible_asset::FungibleStore",
          "data": {
            "balance": "0",
            "frozen": false,
            "metadata": {
              "inner": "0xa"
            }
          }
        },
        "type": "write_resource"
      },
      {
        "address": "0xa5a7c7e10f3329999eb018de4dd05d03829f79585327b3df63121a8526acef61",
        "state_key_hash": "",
        "data": {
          "type": "0x1::object::ObjectCore",
          "data": {
            "allow_ungated_transfer": false,
            "guid_creation_num": "1125899906842625",
            "owner": "0x34bf7e2d17674feb234371a7ea58efd715f0e56ba20ebf13789480d9d643afaf",
            "transfer_events": {
              "counter": "0",
              "guid": {
                "id": {
                  "addr": "0xa5a7c7e10f3329999eb018de4dd05d03829f79585327b3df63121a8526acef61",
                  "creation_num": "1125899906842624"
                }
              }
            }
          }
        },
        "type": "write_resource"
      },
      {
        "state_key_hash": "",
        "handle": "0xdc3189011da6e60643ef48030b4f8fc315beddc236c6c523db96778af7b47056",
        "key": "0x3506000000000000",
        "value": "0x00000100013c00000000000000000000000000000000000000000000000000000000000000000000000a550c184ebe980f904d10c901010000000000000000000000000000000000000a00000000000000010000000000000000000000000100000000000000010000000000000001550053000000010001000000000000000000000000000000000000000000000000000000000a550c184ebe980f904d10c9013c000000000000000000000000000000000000000000000000000a0000000000000001000000000000000000000000010000000000000001000000000000000166005500",
        "data": {
          "data": null
        },
        "type": "write_table_item"
      }
    ],
    "sender": "0xa550c18",
    "sequence_number": "18446744073709551615",
    "max_gas_amount": "100000000",
    "gas_unit_price": "0",
    "expiration_timestamp_secs": "60",
    "payload": {
      "function": "0x1::aptos_account::create_account",
      "type_arguments": [],
      "arguments": [
        "0x34bf7e2d17674feb234371a7ea58efd715f0e56ba20ebf13789480d9d643afaf"
      ],
      "type": "entry_function_payload"
    },
    "signature": {
      "public_key": "0x14418f867a0bd6d42abb2daa50cd68a5a869ce208282481f57504f630510d0d3",
      "signature": "0x252dcf1ac634087648853d44cb216ff427d10e109c974c8f4ddf6feaf71b121777890aba49470c071a2791e7a67c64726beb0f4192c628c0372d7b70c54cbf07",
      "type": "ed25519_signature"
    },
    "replay_protection_nonce": "14488165282383183438",
    "events": [
      {
        "guid": {
          "creation_number": "0",
          "account_address": "0x0"
        },
        "sequence_number": "0",
        "type": "0x1::transaction_fee::FeeStatement",
        "data": {
          "execution_gas_units": "4",
          "io_gas_units": "5",
          "storage_fee_octas": "0",
          "storage_fee_refund_octas": "0",
          "total_charge_gas_units": "8"
        }
      }
    ],
    "timestamp": "500000",
    "type": "user_transaction"
  },
  {
    "version": "3",
    "hash": "",
    "state_change_hash": "",
    "event_root_hash": "",
    "state_checkpoint_hash": "",
    "gas_used": "0",
    "success": true,
    "vm_status": "Executed successfully",
    "accumulator_root_hash": "",
    "changes": [],
    "timestamp": "500000",
    "block_end_info": {
      "block_gas_limit_reached": false,
      "block_output_limit_reached": false,
      "block_effective_block_gas_units": 18,
      "block_approx_output_size": 2098
    },
    "type": "block_epilogue_transaction"
  }
]
