{"message":"function not marked as view function","error_code":"invalid_input","vm_error_code":1011}