{
  "public_keys": [
    {
      "value": "0x049b8327d929a0e45285c04d19c9fffbee065c266b701972922d807228120e43f34ad68ac77f6ec0205fe39f7c5b6055dad973a03464a3a743302de0feaf6ec6d9",
      "type": "secp256k1_ecdsa"
    }
  ],
  "signatures": [
    {
      "index": 0,
      "signature": {
        "value": "0xb1fdd65c44b840bbacbda513b65607f00e17b9fa19d1580f6dcd574ecc60c774694501e74b6d748c5cd8503a676554bdbe66a55464bd4ba5205773c5368fcf09",
        "type": "secp256k1_ecdsa"
      }
    }
  ],
  "signatures_required": 1,
  "type": "single_sender"
}
