{
  "hash": "",
  "sender": "0xa550c18",
  "sequence_number": "0",
  "max_gas_amount": "100000000",
  "gas_unit_price": "0",
  "expiration_timestamp_secs": "59",
  "payload": {
    "function": "0x1::aptos_account::create_account",
    "type_arguments": [],
    "arguments": [
      "0x34bf7e2d17674feb234371a7ea58efd715f0e56ba20ebf13789480d9d643afaf"
    ],
    "type": "entry_function_payload"
  },
  "signature": {
    "public_key": "0x14418f867a0bd6d42abb2daa50cd68a5a869ce208282481f57504f630510d0d3",
    "signature": "0x7a2fec68bd597bf95af7b4a6067de9cbfaee8249bfe636fca10512fdaddf80ce7624bacbdbbe2751cdc2189fbcd647f79ede3e16128c451f06c7d3cb47e91503",
    "type": "ed25519_signature"
  },
  "replay_protection_nonce": null
}
