{
  "message": "Given start value (1000000) is higher than the current ledger version, it must be < 0",
  "error_code": "invalid_input",
  "vm_error_code": null
}
