{
  "bytecode": "0xa11ceb0b0700000a0b010002020208030a30053a23075d7b08d8012010f801b9010ab1030d0cbe037e0dbc04060fc2040400000001060000030700000600010001000703040001000406020001000806070001000908090001000206040001000a0a020001000b0a0700010205070301080001030205030108010001060800010502060800060801010101060801046775696404475549440269640249440c6372656174696f6e5f6e756d046164647206637265617465096372656174655f69640f63726561746f725f616464726573730565715f69640f69645f6372656174696f6e5f6e756d1269645f63726561746f725f61646472657373076163636f756e74066f626a656374000000000000000000000000000000000000000000000000000000000000000114636f6d70696c6174696f6e5f6d65746164617461090003322e3003322e31126170746f733a3a6d657461646174615f763185010100000000000000001d45475549445f47454e455241544f525f4e4f545f5055424c49534845445b475549442067656e657261746f72206d757374206265207075626c6973686564206168656164206f66206669727374207573616765206f6620606372656174655f776974685f6361706162696c697479602066756e6374696f6e2e00000002010208010102020403050500030000020d0a01140c020a02060100000000000000160b01150b020b0012011200020101000005040b010b001201020201000005050b001000100114020301000005050b001000100214020401000005050b0010000b0121020501000005040b00100014020601000005040b00100114020701000005040b0010021402000001000101000c000d00",
  "abi": {
    "address": "0x1",
    "name": "guid",
    "friends": [
      "0x1::account",
      "0x1::object"
    ],
    "exposed_functions": [
      {
        "name": "create",
        "visibility": "friend",
        "is_entry": false,
        "is_view": false,
        "generic_type_params": [],
        "params": [
          "address",
          "&mut u64"
        ],
        "return": [
          "0x1::guid::GUID"
        ]
      },
      {
        "name": "create_id",
        "visibility": "public",
        "is_entry": false,
        "is_view": false,
        "generic_type_params": [],
        "params": [
          "address",
          "u64"
        ],
        "return": [
          "0x1::guid::ID"
        ]
      },
      {
        "name": "creation_num",
        "visibility": "public",
        "is_entry": false,
        "is_view": false,
        "generic_type_params": [],
        "params": [
          "&0x1::guid::GUID"
        ],
        "return": [
          "u64"
        ]
      },
      {
        "name": "creator_address",
        "visibility": "public",
        "is_entry": false,
        "is_view": false,
        "generic_type_params": [],
        "params": [
          "&0x1::guid::GUID"
        ],
        "return": [
          "address"
        ]
      },
      {
        "name": "eq_id",
        "visibility": "public",
        "is_entry": false,
        "is_view": false,
        "generic_type_params": [],
        "params": [
          "&0x1::guid::GUID",
          "&0x1::guid::ID"
        ],
        "return": [
          "bool"
        ]
      },
      {
        "name": "id",
        "visibility": "public",
        "is_entry": false,
        "is_view": false,
        "generic_type_params": [],
        "params": [
          "&0x1::guid::GUID"
        ],
        "return": [
          "0x1::guid::ID"
        ]
      },
      {
        "name": "id_creation_num",
        "visibility": "public",
        "is_entry": false,
        "is_view": false,
        "generic_type_params": [],
        "params": [
          "&0x1::guid::ID"
        ],
        "return": [
          "u64"
        ]
      },
      {
        "name": "id_creator_address",
        "visibility": "public",
        "is_entry": false,
        "is_view": false,
        "generic_type_params": [],
        "params": [
          "&0x1::guid::ID"
        ],
        "return": [
          "address"
        ]
      }
    ],
    "structs": [
      {
        "name": "GUID",
        "is_native": false,
        "is_event": false,
        "abilities": [
          "drop",
          "store"
        ],
        "generic_type_params": [],
        "fields": [
          {
            "name": "id",
            "type": "0x1::guid::ID"
          }
        ]
      },
      {
        "name": "ID",
        "is_native": false,
        "is_event": false,
        "abilities": [
          "copy",
          "drop",
          "store"
        ],
        "generic_type_params": [],
        "fields": [
          {
            "name": "creation_num",
            "type": "u64"
          },
          {
            "name": "addr",
            "type": "address"
          }
        ]
      }
    ]
  }
}
