{
  "sequence_number": "0",
  "authentication_key": "0x000000000000000000000000000000000000000000000000000000000000000f"
}
