{
  "message": "parse request payload error: Expected input type \"TransactionPayload\", found {\"type\":\"invalid\",\"function\":\"0x1::velor_account::create_account\",\"type_arguments\":[],\"arguments\":[\"0x00000000000000000000000001234567\"]}. (occurred while parsing \"UserTransactionRequestInner\") (occurred while parsing \"EncodeSubmissionRequest\")",
  "error_code": "web_framework_error",
  "vm_error_code": null
}
