{
  "version": "2",
  "hash": "",
  "state_change_hash": "",
  "event_root_hash": "",
  "state_checkpoint_hash": null,
  "gas_used": "3",
  "success": false,
  "vm_status": "LINKER_ERROR",
  "accumulator_root_hash": "",
  "changes": [
    {
      "state_key_hash": "",
      "handle": "0xb77b3940ed3fa35a98d3d6922754d35f5526e2900a5d833bb268a26dcbcb71d1",
      "key": "0x0a00000000000000",
      "value": "0x010000000000000000",
      "data": null,
      "type": "write_table_item"
    },
    {
      "state_key_hash": "",
      "handle": "0xb77b3940ed3fa35a98d3d6922754d35f5526e2900a5d833bb268a26dcbcb71d1",
      "key": "0x0b00000000000000",
      "value": "0x010a00000000000000",
      "data": null,
      "type": "write_table_item"
    },
    {
      "state_key_hash": "",
      "handle": "0xb77b3940ed3fa35a98d3d6922754d35f5526e2900a5d833bb268a26dcbcb71d1",
      "key": "0x0c00000000000000",
      "value": "0x010b00000000000000",
      "data": null,
      "type": "write_table_item"
    },
    {
      "state_key_hash": "",
      "handle": "0xb77b3940ed3fa35a98d3d6922754d35f5526e2900a5d833bb268a26dcbcb71d1",
      "key": "0x0d00000000000000",
      "value": "0x010c00000000000000",
      "data": null,
      "type": "write_table_item"
    },
    {
      "state_key_hash": "",
      "handle": "0xb77b3940ed3fa35a98d3d6922754d35f5526e2900a5d833bb268a26dcbcb71d1",
      "key": "0x0e00000000000000",
      "value": "0x010d00000000000000",
      "data": null,
      "type": "write_table_item"
    },
    {
      "state_key_hash": "",
      "handle": "0xcc8ddff85fb885d504887ebe4042d9f4b8e9b5a614f2cf88b548cecfc9634a7f",
      "key": "0x0a00000000000000",
      "value": "0x010000000000000000",
      "data": null,
      "type": "write_table_item"
    },
    {
      "state_key_hash": "",
      "handle": "0xcc8ddff85fb885d504887ebe4042d9f4b8e9b5a614f2cf88b548cecfc9634a7f",
      "key": "0x0b00000000000000",
      "value": "0x010a00000000000000",
      "data": null,
      "type": "write_table_item"
    },
    {
      "state_key_hash": "",
      "handle": "0xcc8ddff85fb885d504887ebe4042d9f4b8e9b5a614f2cf88b548cecfc9634a7f",
      "key": "0x0c00000000000000",
      "value": "0x010b00000000000000",
      "data": null,
      "type": "write_table_item"
    },
    {
      "state_key_hash": "",
      "handle": "0xcc8ddff85fb885d504887ebe4042d9f4b8e9b5a614f2cf88b548cecfc9634a7f",
      "key": "0x0d00000000000000",
      "value": "0x010c00000000000000",
      "data": null,
      "type": "write_table_item"
    },
    {
      "state_key_hash": "",
      "handle": "0xcc8ddff85fb885d504887ebe4042d9f4b8e9b5a614f2cf88b548cecfc9634a7f",
      "key": "0x0e00000000000000",
      "value": "0x010d00000000000000",
      "data": null,
      "type": "write_table_item"
    },
    {
      "state_key_hash": "",
      "handle": "0xdc3189011da6e60643ef48030b4f8fc315beddc236c6c523db96778af7b47056",
      "key": "0x540f000000000000",
      "value": "0x00000100013b00000000000000000000000000000000000000000000000000000000000000000000000a550c18e5a688742b47c5ad0101000000000000000000000000000000000001b77b3940ed3fa35a98d3d6922754d35f5526e2900a5d833bb268a26dcbcb71d105000000000000000f00000000000000010e00000000000000050000000100000000000000010000000000000001550053000000010001000000000000000000000000000000000000000000000000000000000a550c18e5a688742b47c5ad013b00000000000000000000000000000000000000000000000001cc8ddff85fb885d504887ebe4042d9f4b8e9b5a614f2cf88b548cecfc9634a7f05000000000000000f00000000000000010e0000000000000005000000010000000000000001000000000000000166005500",
      "data": null,
      "type": "write_table_item"
    }
  ],
  "sender": "0xa550c18",
  "sequence_number": "18446744073709551615",
  "max_gas_amount": "100000000",
  "gas_unit_price": "0",
  "expiration_timestamp_secs": "59",
  "payload": {
    "function": "0x1222::Coin::transfer",
    "type_arguments": [
      "0x1::aptos_coin::AptosCoin"
    ],
    "arguments": [
      "0x00000000000000000000000000000000000000000000000000000000000000dd",
      "0x0100000000000000"
    ],
    "type": "entry_function_payload"
  },
  "signature": {
    "public_key": "0x14418f867a0bd6d42abb2daa50cd68a5a869ce208282481f57504f630510d0d3",
    "signature": "0x78077bd509f0507299875a3efa3f76c741e372f8e2cbcfb50acee1c439314d2fe6feacc63627d861098bd039a2404b1f905bdbedaab293558fecf654ad56360b",
    "type": "ed25519_signature"
  },
  "replay_protection_nonce": "12521492590937810661",
  "events": [
    {
      "guid": {
        "creation_number": "0",
        "account_address": "0x0"
      },
      "sequence_number": "0",
      "type": "0x1::transaction_fee::FeeStatement",
      "data": {
        "execution_gas_units": "3",
        "io_gas_units": "0",
        "storage_fee_octas": "0",
        "storage_fee_refund_octas": "0",
        "total_charge_gas_units": "3"
      }
    }
  ],
  "timestamp": "500000",
  "type": "user_transaction"
}
