{
  "sequence_number": "0",
  "authentication_key": "0x0000000000000000000000000000000000000000000000000000000000000001",
  "state_exists": true
}
