{
  "hash": "",
  "sender": "0xa550c18",
  "sequence_number": "18446744073709551615",
  "max_gas_amount": "100000000",
  "gas_unit_price": "0",
  "expiration_timestamp_secs": "59",
  "payload": {
    "function": "0x1::aptos_account::create_account",
    "type_arguments": [],
    "arguments": [
      "0x34bf7e2d17674feb234371a7ea58efd715f0e56ba20ebf13789480d9d643afaf"
    ],
    "type": "entry_function_payload"
  },
  "signature": {
    "public_key": "0x14418f867a0bd6d42abb2daa50cd68a5a869ce208282481f57504f630510d0d3",
    "signature": "0x76d06c9973050ee63b234d395e34cf92f01dfa9b1c2429e259f4f748a24d1d8b73c195355e5038ed53cfd3fd5af113faf466f583da74f96bc244f671c30e180b",
    "type": "ed25519_signature"
  },
  "replay_protection_nonce": "14488165282383183438"
}
