{
  "hash": "",
  "sender": "0x34bf7e2d17674feb234371a7ea58efd715f0e56ba20ebf13789480d9d643afaf",
  "sequence_number": "0",
  "max_gas_amount": "100000000",
  "gas_unit_price": "0",
  "expiration_timestamp_secs": "18446744073709551615",
  "payload": {
    "function": "0x1::aptos_account::transfer",
    "type_arguments": [],
    "arguments": [
      "0x1",
      "1"
    ],
    "type": "entry_function_payload"
  },
  "signature": {
    "public_key": "0xd5a781494d2bf1a174ddffde1e02cb8881cff6dab70e61cbdef393deac0ce639",
    "signature": "0xbdc9e553e86cdee876de3318bccd8c6499923b719ab5f189e8b43ba91771645f01c3ded4061e20b3bb85767e475dfe24f76b4aed46860c9328baf28d11d2c701",
    "type": "ed25519_signature"
  },
  "replay_protection_nonce": null,
  "type": "pending_transaction"
}
