error: enum variant must have exactly one field
 --> tests/cases/multiple_fields.rs:7:1
  |
7 | / enum Messages {
8 | |     Test(String, String)
9 | | }
  | |_^
